python : 2026-05-17 10:25:42,962 - __main__ - INFO - Starting GUI test, 
logging to C:\Users\miles\OneDrive\Documents\interactive-tester\gui_test.log
At line:1 char:1
+ python test_capture.py > test_output.txt 2>&1 ; echo "Test complete"  ...
+ ~~~~~~~~~~~~~~~~~~~~~~~~~~~~~~~~~~~~~~~~~~~~~
    + CategoryInfo          : NotSpecified: (2026-05-17 10:2...er\gui_test.log 
   :String) [], RemoteException
    + FullyQualifiedErrorId : NativeCommandError
 
2026-05-17 10:25:43,511 - __main__ - INFO - Loaded InteractiveTester
2026-05-17 10:25:43,512 - __main__ - INFO - Loading bot from: 
C:\Users\miles\OneDrive\Documents\bot
C:\Users\miles\OneDrive\Documents\bot\app.py:17: FutureWarning: 

All support for the `google.generativeai` package has ended. It will no longer 
be receiving 
updates or bug fixes. Please switch to the `google.genai` package as soon as 
possible.
See README for more details:

https://github.com/google-gemini/deprecated-generative-ai-python/blob/main/READ
ME.md

  import google.generativeai as genai
2026-05-17 10:25:45,710 - app - INFO - Loaded daily_message_counts for 
2026-05-17 (0 users).
2026-05-17 10:25:45,711 - app - INFO - Loaded last_message_by_user for 
2026-05-17 (0 users).
2026-05-17 10:25:45,722 - urllib3.connectionpool - DEBUG - Starting new HTTPS 
connection (1): api.jsonbin.io:443
2026-05-17 10:25:46,651 - urllib3.connectionpool - DEBUG - 
https://api.jsonbin.io:443 "GET /v3/b/None/latest HTTP/1.1" 400 37
2026-05-17 10:25:46,651 - app - ERROR - JSONBin Load Failed: 400 - 
{"message":"Invalid Bin Id provided"}
2026-05-17 10:25:46,654 - urllib3.connectionpool - DEBUG - Starting new HTTPS 
connection (1): api.jsonbin.io:443
2026-05-17 10:25:47,539 - urllib3.connectionpool - DEBUG - 
https://api.jsonbin.io:443 "GET /v3/b/None/latest HTTP/1.1" 400 37
2026-05-17 10:25:47,539 - app - ERROR - JSONBin Load Failed: 400 - 
{"message":"Invalid Bin Id provided"}
2026-05-17 10:25:47,544 - app - INFO - Leaderboard thread started.
2026-05-17 10:25:47,544 - app - INFO - Leaderboard thread initialized.
2026-05-17 10:25:47,545 - app - INFO - Automated Review Loop started.
2026-05-17 10:25:47,555 - __main__ - INFO - Bot loaded. Webhook route: /webhook
2026-05-17 10:25:47,555 - __main__ - INFO - Testing message: !planegame
2026-05-17 10:25:47,565 - app - INFO - [PLANEGAME] Thread starting: cat=mixed, 
hard=False
2026-05-17 10:25:47,567 - app - INFO - [PLANEGAME] About to ensure pool for 
mixed
2026-05-17 10:25:47,567 - plane_game - INFO - [PresetPlanes/mixed] Building 
pool from 40 planes...
2026-05-17 10:25:47,568 - plane_game - INFO - [PresetPlanes/mixed] [1/40] 
Fetching Boeing 747...
2026-05-17 10:25:47,570 - urllib3.connectionpool - DEBUG - Starting new HTTPS 
connection (1): en.wikipedia.org:443
2026-05-17 10:25:48,395 - urllib3.connectionpool - DEBUG - 
https://en.wikipedia.org:443 "GET /api/rest_v1/page/summary/Boeing_747 
HTTP/1.1" 200 1169
2026-05-17 10:25:48,398 - plane_game - INFO - [PresetPlanes/mixed] Image 
result: https://upload.wikimedia.org/wikipedia/commons/b/b
--- Logging error ---
Traceback (most recent call last):
  File "C:\Python314\Lib\logging\__init__.py", line 1154, in emit
    stream.write(msg + self.terminator)
    ~~~~~~~~~~~~^^^^^^^^^^^^^^^^^^^^^^^
  File "C:\Python314\Lib\encodings\cp1252.py", line 19, in encode
    return codecs.charmap_encode(input,self.errors,encoding_table)[0]
           ~~~~~~~~~~~~~~~~~~~~~^^^^^^^^^^^^^^^^^^^^^^^^^^^^^^^^^^
UnicodeEncodeError: 'charmap' codec can't encode character '\u2192' in 
position 86: character maps to <undefined>
Call stack:
  File "C:\Python314\Lib\threading.py", line 1044, in _bootstrap
    self._bootstrap_inner()
  File "C:\Python314\Lib\threading.py", line 1082, in _bootstrap_inner
    self._context.run(self.run)
  File "C:\Python314\Lib\threading.py", line 1024, in run
    self._target(*self._args, **self._kwargs)
  File "C:\Users\miles\OneDrive\Documents\bot\app.py", line 3685, in 
_start_planegame_thread
    if not ensure_preset_plane_game_pool(10, preset_key):
  File "C:\Users\miles\OneDrive\Documents\bot\plane_game.py", line 778, in 
ensure_preset_plane_game_pool
    fetched = _build_preset_plane_rounds(preset_key, min_items)
  File "C:\Users\miles\OneDrive\Documents\bot\plane_game.py", line 673, in 
_build_preset_plane_rounds
    logger.info(f"[PresetPlanes/{preset_key}] Added '{clean_name}' \u2192 
{image_url[:60]}...")
Message: "[PresetPlanes/mixed] Added 'Boeing 747' \u2192 
https://upload.wikimedia.org/wikipedia/commons/b/b8/B-747_Ib..."
Arguments: ()
2026-05-17 10:25:48,399 - plane_game - INFO - [PresetPlanes/mixed] Added 
'Boeing 747' \u2192 
https://upload.wikimedia.org/wikipedia/commons/b/b8/B-747_Ib...
2026-05-17 10:25:48,405 - plane_game - INFO - [PresetPlanes/mixed] [2/40] 
Fetching Cirrus SR22...
2026-05-17 10:25:48,407 - urllib3.connectionpool - DEBUG - Starting new HTTPS 
connection (1): en.wikipedia.org:443
2026-05-17 10:25:49,065 - urllib3.connectionpool - DEBUG - 
https://en.wikipedia.org:443 "GET /api/rest_v1/page/summary/Cirrus_SR22 
HTTP/1.1" 200 678
2026-05-17 10:25:49,070 - plane_game - INFO - [PresetPlanes/mixed] Image 
result: https://upload.wikimedia.org/wikipedia/commons/9/9
--- Logging error ---
Traceback (most recent call last):
  File "C:\Python314\Lib\logging\__init__.py", line 1154, in emit
    stream.write(msg + self.terminator)
    ~~~~~~~~~~~~^^^^^^^^^^^^^^^^^^^^^^^
  File "C:\Python314\Lib\encodings\cp1252.py", line 19, in encode
    return codecs.charmap_encode(input,self.errors,encoding_table)[0]
           ~~~~~~~~~~~~~~~~~~~~~^^^^^^^^^^^^^^^^^^^^^^^^^^^^^^^^^^
UnicodeEncodeError: 'charmap' codec can't encode character '\u2192' in 
position 87: character maps to <undefined>
Call stack:
  File "C:\Python314\Lib\threading.py", line 1044, in _bootstrap
    self._bootstrap_inner()
  File "C:\Python314\Lib\threading.py", line 1082, in _bootstrap_inner
    self._context.run(self.run)
  File "C:\Python314\Lib\threading.py", line 1024, in run
    self._target(*self._args, **self._kwargs)
  File "C:\Users\miles\OneDrive\Documents\bot\app.py", line 3685, in 
_start_planegame_thread
    if not ensure_preset_plane_game_pool(10, preset_key):
  File "C:\Users\miles\OneDrive\Documents\bot\plane_game.py", line 778, in 
ensure_preset_plane_game_pool
    fetched = _build_preset_plane_rounds(preset_key, min_items)
  File "C:\Users\miles\OneDrive\Documents\bot\plane_game.py", line 673, in 
_build_preset_plane_rounds
    logger.info(f"[PresetPlanes/{preset_key}] Added '{clean_name}' \u2192 
{image_url[:60]}...")
Message: "[PresetPlanes/mixed] Added 'Cirrus SR22' \u2192 
https://upload.wikimedia.org/wikipedia/commons/9/9f/Cirrus_S..."
Arguments: ()
2026-05-17 10:25:49,070 - plane_game - INFO - [PresetPlanes/mixed] Added 
'Cirrus SR22' \u2192 
https://upload.wikimedia.org/wikipedia/commons/9/9f/Cirrus_S...
2026-05-17 10:25:49,073 - plane_game - INFO - [PresetPlanes/mixed] [3/40] 
Fetching C-17 Globemaster III...
2026-05-17 10:25:49,076 - urllib3.connectionpool - DEBUG - Starting new HTTPS 
connection (1): en.wikipedia.org:443
2026-05-17 10:25:49,546 - app - WARNING - Startup message attempt 1 failed, 
retrying in 3s...
2026-05-17 10:25:49,799 - urllib3.connectionpool - DEBUG - 
https://en.wikipedia.org:443 "GET 
/api/rest_v1/page/summary/C-17_Globemaster_III HTTP/1.1" 200 782
2026-05-17 10:25:49,803 - plane_game - INFO - [PresetPlanes/mixed] Image 
result: https://upload.wikimedia.org/wikipedia/commons/b/b
--- Logging error ---
Traceback (most recent call last):
  File "C:\Python314\Lib\logging\__init__.py", line 1154, in emit
    stream.write(msg + self.terminator)
    ~~~~~~~~~~~~^^^^^^^^^^^^^^^^^^^^^^^
  File "C:\Python314\Lib\encodings\cp1252.py", line 19, in encode
    return codecs.charmap_encode(input,self.errors,encoding_table)[0]
           ~~~~~~~~~~~~~~~~~~~~~^^^^^^^^^^^^^^^^^^^^^^^^^^^^^^^^^^
UnicodeEncodeError: 'charmap' codec can't encode character '\u2192' in 
position 96: character maps to <undefined>
Call stack:
  File "C:\Python314\Lib\threading.py", line 1044, in _bootstrap
    self._bootstrap_inner()
  File "C:\Python314\Lib\threading.py", line 1082, in _bootstrap_inner
    self._context.run(self.run)
  File "C:\Python314\Lib\threading.py", line 1024, in run
    self._target(*self._args, **self._kwargs)
  File "C:\Users\miles\OneDrive\Documents\bot\app.py", line 3685, in 
_start_planegame_thread
    if not ensure_preset_plane_game_pool(10, preset_key):
  File "C:\Users\miles\OneDrive\Documents\bot\plane_game.py", line 778, in 
ensure_preset_plane_game_pool
    fetched = _build_preset_plane_rounds(preset_key, min_items)
  File "C:\Users\miles\OneDrive\Documents\bot\plane_game.py", line 673, in 
_build_preset_plane_rounds
    logger.info(f"[PresetPlanes/{preset_key}] Added '{clean_name}' \u2192 
{image_url[:60]}...")
Message: "[PresetPlanes/mixed] Added 'C-17 Globemaster III' \u2192 
https://upload.wikimedia.org/wikipedia/commons/b/bc/C-17_tes..."
Arguments: ()
2026-05-17 10:25:49,804 - plane_game - INFO - [PresetPlanes/mixed] Added 'C-17 
Globemaster III' \u2192 
https://upload.wikimedia.org/wikipedia/commons/b/bc/C-17_tes...
2026-05-17 10:25:49,806 - plane_game - INFO - [PresetPlanes/mixed] [4/40] 
Fetching Dassault Rafale...
2026-05-17 10:25:49,807 - urllib3.connectionpool - DEBUG - Starting new HTTPS 
connection (1): en.wikipedia.org:443
2026-05-17 10:25:50,540 - urllib3.connectionpool - DEBUG - 
https://en.wikipedia.org:443 "GET /api/rest_v1/page/summary/Dassault_Rafale 
HTTP/1.1" 200 833
2026-05-17 10:25:50,543 - plane_game - INFO - [PresetPlanes/mixed] Image 
result: https://upload.wikimedia.org/wikipedia/commons/6/6
--- Logging error ---
Traceback (most recent call last):
  File "C:\Python314\Lib\logging\__init__.py", line 1154, in emit
    stream.write(msg + self.terminator)
    ~~~~~~~~~~~~^^^^^^^^^^^^^^^^^^^^^^^
  File "C:\Python314\Lib\encodings\cp1252.py", line 19, in encode
    return codecs.charmap_encode(input,self.errors,encoding_table)[0]
           ~~~~~~~~~~~~~~~~~~~~~^^^^^^^^^^^^^^^^^^^^^^^^^^^^^^^^^^
UnicodeEncodeError: 'charmap' codec can't encode character '\u2192' in 
position 91: character maps to <undefined>
Call stack:
  File "C:\Python314\Lib\threading.py", line 1044, in _bootstrap
    self._bootstrap_inner()
  File "C:\Python314\Lib\threading.py", line 1082, in _bootstrap_inner
    self._context.run(self.run)
  File "C:\Python314\Lib\threading.py", line 1024, in run
    self._target(*self._args, **self._kwargs)
  File "C:\Users\miles\OneDrive\Documents\bot\app.py", line 3685, in 
_start_planegame_thread
    if not ensure_preset_plane_game_pool(10, preset_key):
  File "C:\Users\miles\OneDrive\Documents\bot\plane_game.py", line 778, in 
ensure_preset_plane_game_pool
    fetched = _build_preset_plane_rounds(preset_key, min_items)
  File "C:\Users\miles\OneDrive\Documents\bot\plane_game.py", line 673, in 
_build_preset_plane_rounds
    logger.info(f"[PresetPlanes/{preset_key}] Added '{clean_name}' \u2192 
{image_url[:60]}...")
Message: "[PresetPlanes/mixed] Added 'Dassault Rafale' \u2192 
https://upload.wikimedia.org/wikipedia/commons/6/64/Rafale_-..."
Arguments: ()
2026-05-17 10:25:50,544 - plane_game - INFO - [PresetPlanes/mixed] Added 
'Dassault Rafale' \u2192 
https://upload.wikimedia.org/wikipedia/commons/6/64/Rafale_-...
2026-05-17 10:25:50,546 - plane_game - INFO - [PresetPlanes/mixed] [5/40] 
Fetching B-2 Spirit...
2026-05-17 10:25:50,547 - urllib3.connectionpool - DEBUG - Starting new HTTPS 
connection (1): en.wikipedia.org:443
2026-05-17 10:25:51,221 - urllib3.connectionpool - DEBUG - 
https://en.wikipedia.org:443 "GET /api/rest_v1/page/summary/B-2_Spirit 
HTTP/1.1" 200 803
2026-05-17 10:25:51,225 - plane_game - INFO - [PresetPlanes/mixed] Image 
result: https://upload.wikimedia.org/wikipedia/commons/7/7
--- Logging error ---
Traceback (most recent call last):
  File "C:\Python314\Lib\logging\__init__.py", line 1154, in emit
    stream.write(msg + self.terminator)
    ~~~~~~~~~~~~^^^^^^^^^^^^^^^^^^^^^^^
  File "C:\Python314\Lib\encodings\cp1252.py", line 19, in encode
    return codecs.charmap_encode(input,self.errors,encoding_table)[0]
           ~~~~~~~~~~~~~~~~~~~~~^^^^^^^^^^^^^^^^^^^^^^^^^^^^^^^^^^
UnicodeEncodeError: 'charmap' codec can't encode character '\u2192' in 
position 86: character maps to <undefined>
Call stack:
  File "C:\Python314\Lib\threading.py", line 1044, in _bootstrap
    self._bootstrap_inner()
  File "C:\Python314\Lib\threading.py", line 1082, in _bootstrap_inner
    self._context.run(self.run)
  File "C:\Python314\Lib\threading.py", line 1024, in run
    self._target(*self._args, **self._kwargs)
  File "C:\Users\miles\OneDrive\Documents\bot\app.py", line 3685, in 
_start_planegame_thread
    if not ensure_preset_plane_game_pool(10, preset_key):
  File "C:\Users\miles\OneDrive\Documents\bot\plane_game.py", line 778, in 
ensure_preset_plane_game_pool
    fetched = _build_preset_plane_rounds(preset_key, min_items)
  File "C:\Users\miles\OneDrive\Documents\bot\plane_game.py", line 673, in 
_build_preset_plane_rounds
    logger.info(f"[PresetPlanes/{preset_key}] Added '{clean_name}' \u2192 
{image_url[:60]}...")
Message: "[PresetPlanes/mixed] Added 'B-2 Spirit' \u2192 
https://upload.wikimedia.org/wikipedia/commons/7/77/RAF_F-35..."
Arguments: ()
2026-05-17 10:25:51,225 - plane_game - INFO - [PresetPlanes/mixed] Added 'B-2 
Spirit' \u2192 https://upload.wikimedia.org/wikipedia/commons/7/77/RAF_F-35...
2026-05-17 10:25:51,227 - plane_game - INFO - [PresetPlanes/mixed] [6/40] 
Fetching B-17 Flying Fortress...
2026-05-17 10:25:51,228 - urllib3.connectionpool - DEBUG - Starting new HTTPS 
connection (1): en.wikipedia.org:443
2026-05-17 10:25:51,996 - urllib3.connectionpool - DEBUG - 
https://en.wikipedia.org:443 "GET 
/api/rest_v1/page/summary/B-17_Flying_Fortress HTTP/1.1" 200 927
2026-05-17 10:25:51,999 - plane_game - INFO - [PresetPlanes/mixed] Image 
result: https://upload.wikimedia.org/wikipedia/commons/0/0
--- Logging error ---
Traceback (most recent call last):
  File "C:\Python314\Lib\logging\__init__.py", line 1154, in emit
    stream.write(msg + self.terminator)
    ~~~~~~~~~~~~^^^^^^^^^^^^^^^^^^^^^^^
  File "C:\Python314\Lib\encodings\cp1252.py", line 19, in encode
    return codecs.charmap_encode(input,self.errors,encoding_table)[0]
           ~~~~~~~~~~~~~~~~~~~~~^^^^^^^^^^^^^^^^^^^^^^^^^^^^^^^^^^
UnicodeEncodeError: 'charmap' codec can't encode character '\u2192' in 
position 96: character maps to <undefined>
Call stack:
  File "C:\Python314\Lib\threading.py", line 1044, in _bootstrap
    self._bootstrap_inner()
  File "C:\Python314\Lib\threading.py", line 1082, in _bootstrap_inner
    self._context.run(self.run)
  File "C:\Python314\Lib\threading.py", line 1024, in run
    self._target(*self._args, **self._kwargs)
  File "C:\Users\miles\OneDrive\Documents\bot\app.py", line 3685, in 
_start_planegame_thread
    if not ensure_preset_plane_game_pool(10, preset_key):
  File "C:\Users\miles\OneDrive\Documents\bot\plane_game.py", line 778, in 
ensure_preset_plane_game_pool
    fetched = _build_preset_plane_rounds(preset_key, min_items)
  File "C:\Users\miles\OneDrive\Documents\bot\plane_game.py", line 673, in 
_build_preset_plane_rounds
    logger.info(f"[PresetPlanes/{preset_key}] Added '{clean_name}' \u2192 
{image_url[:60]}...")
Message: "[PresetPlanes/mixed] Added 'B-17 Flying Fortress' \u2192 
https://upload.wikimedia.org/wikipedia/commons/0/0b/B17_-_Ch..."
Arguments: ()
2026-05-17 10:25:51,999 - plane_game - INFO - [PresetPlanes/mixed] Added 'B-17 
Flying Fortress' \u2192 
https://upload.wikimedia.org/wikipedia/commons/0/0b/B17_-_Ch...
2026-05-17 10:25:52,001 - plane_game - INFO - [PresetPlanes/mixed] [7/40] 
Fetching F-15 Eagle...
2026-05-17 10:25:52,002 - urllib3.connectionpool - DEBUG - Starting new HTTPS 
connection (1): en.wikipedia.org:443
2026-05-17 10:25:52,547 - app - WARNING - Startup message attempt 2 failed, 
retrying in 3s...
2026-05-17 10:25:52,789 - urllib3.connectionpool - DEBUG - 
https://en.wikipedia.org:443 "GET /api/rest_v1/page/summary/F-15_Eagle 
HTTP/1.1" 200 990
2026-05-17 10:25:52,795 - plane_game - INFO - [PresetPlanes/mixed] Image 
result: https://upload.wikimedia.org/wikipedia/commons/a/a
--- Logging error ---
Traceback (most recent call last):
  File "C:\Python314\Lib\logging\__init__.py", line 1154, in emit
    stream.write(msg + self.terminator)
    ~~~~~~~~~~~~^^^^^^^^^^^^^^^^^^^^^^^
  File "C:\Python314\Lib\encodings\cp1252.py", line 19, in encode
    return codecs.charmap_encode(input,self.errors,encoding_table)[0]
           ~~~~~~~~~~~~~~~~~~~~~^^^^^^^^^^^^^^^^^^^^^^^^^^^^^^^^^^
UnicodeEncodeError: 'charmap' codec can't encode character '\u2192' in 
position 86: character maps to <undefined>
Call stack:
  File "C:\Python314\Lib\threading.py", line 1044, in _bootstrap
    self._bootstrap_inner()
  File "C:\Python314\Lib\threading.py", line 1082, in _bootstrap_inner
    self._context.run(self.run)
  File "C:\Python314\Lib\threading.py", line 1024, in run
    self._target(*self._args, **self._kwargs)
  File "C:\Users\miles\OneDrive\Documents\bot\app.py", line 3685, in 
_start_planegame_thread
    if not ensure_preset_plane_game_pool(10, preset_key):
  File "C:\Users\miles\OneDrive\Documents\bot\plane_game.py", line 778, in 
ensure_preset_plane_game_pool
    fetched = _build_preset_plane_rounds(preset_key, min_items)
  File "C:\Users\miles\OneDrive\Documents\bot\plane_game.py", line 673, in 
_build_preset_plane_rounds
    logger.info(f"[PresetPlanes/{preset_key}] Added '{clean_name}' \u2192 
{image_url[:60]}...")
Message: "[PresetPlanes/mixed] Added 'F-15 Eagle' \u2192 
https://upload.wikimedia.org/wikipedia/commons/a/a6/F-15C_Ea..."
Arguments: ()
2026-05-17 10:25:52,795 - plane_game - INFO - [PresetPlanes/mixed] Added 'F-15 
Eagle' \u2192 https://upload.wikimedia.org/wikipedia/commons/a/a6/F-15C_Ea...
2026-05-17 10:25:52,798 - plane_game - INFO - [PresetPlanes/mixed] [8/40] 
Fetching A-10 Thunderbolt II...
2026-05-17 10:25:52,799 - urllib3.connectionpool - DEBUG - Starting new HTTPS 
connection (1): en.wikipedia.org:443
2026-05-17 10:25:53,713 - urllib3.connectionpool - DEBUG - 
https://en.wikipedia.org:443 "GET 
/api/rest_v1/page/summary/A-10_Thunderbolt_II HTTP/1.1" 200 1143
2026-05-17 10:25:53,717 - plane_game - INFO - [PresetPlanes/mixed] Image 
result: https://upload.wikimedia.org/wikipedia/commons/8/8
--- Logging error ---
Traceback (most recent call last):
  File "C:\Python314\Lib\logging\__init__.py", line 1154, in emit
    stream.write(msg + self.terminator)
    ~~~~~~~~~~~~^^^^^^^^^^^^^^^^^^^^^^^
  File "C:\Python314\Lib\encodings\cp1252.py", line 19, in encode
    return codecs.charmap_encode(input,self.errors,encoding_table)[0]
           ~~~~~~~~~~~~~~~~~~~~~^^^^^^^^^^^^^^^^^^^^^^^^^^^^^^^^^^
UnicodeEncodeError: 'charmap' codec can't encode character '\u2192' in 
position 95: character maps to <undefined>
Call stack:
  File "C:\Python314\Lib\threading.py", line 1044, in _bootstrap
    self._bootstrap_inner()
  File "C:\Python314\Lib\threading.py", line 1082, in _bootstrap_inner
    self._context.run(self.run)
  File "C:\Python314\Lib\threading.py", line 1024, in run
    self._target(*self._args, **self._kwargs)
  File "C:\Users\miles\OneDrive\Documents\bot\app.py", line 3685, in 
_start_planegame_thread
    if not ensure_preset_plane_game_pool(10, preset_key):
  File "C:\Users\miles\OneDrive\Documents\bot\plane_game.py", line 778, in 
ensure_preset_plane_game_pool
    fetched = _build_preset_plane_rounds(preset_key, min_items)
  File "C:\Users\miles\OneDrive\Documents\bot\plane_game.py", line 673, in 
_build_preset_plane_rounds
    logger.info(f"[PresetPlanes/{preset_key}] Added '{clean_name}' \u2192 
{image_url[:60]}...")
Message: "[PresetPlanes/mixed] Added 'A-10 Thunderbolt II' \u2192 
https://upload.wikimedia.org/wikipedia/commons/8/80/Fairchil..."
Arguments: ()
2026-05-17 10:25:53,717 - plane_game - INFO - [PresetPlanes/mixed] Added 'A-10 
Thunderbolt II' \u2192 
https://upload.wikimedia.org/wikipedia/commons/8/80/Fairchil...
2026-05-17 10:25:53,719 - plane_game - INFO - [PresetPlanes/mixed] [9/40] 
Fetching Eurofighter Typhoon...
2026-05-17 10:25:53,721 - urllib3.connectionpool - DEBUG - Starting new HTTPS 
connection (1): en.wikipedia.org:443
2026-05-17 10:25:54,406 - urllib3.connectionpool - DEBUG - 
https://en.wikipedia.org:443 "GET 
/api/rest_v1/page/summary/Eurofighter_Typhoon HTTP/1.1" 200 896
2026-05-17 10:25:54,411 - plane_game - INFO - [PresetPlanes/mixed] Image 
result: https://upload.wikimedia.org/wikipedia/commons/3/3
--- Logging error ---
Traceback (most recent call last):
  File "C:\Python314\Lib\logging\__init__.py", line 1154, in emit
    stream.write(msg + self.terminator)
    ~~~~~~~~~~~~^^^^^^^^^^^^^^^^^^^^^^^
  File "C:\Python314\Lib\encodings\cp1252.py", line 19, in encode
    return codecs.charmap_encode(input,self.errors,encoding_table)[0]
           ~~~~~~~~~~~~~~~~~~~~~^^^^^^^^^^^^^^^^^^^^^^^^^^^^^^^^^^
UnicodeEncodeError: 'charmap' codec can't encode character '\u2192' in 
position 95: character maps to <undefined>
Call stack:
  File "C:\Python314\Lib\threading.py", line 1044, in _bootstrap
    self._bootstrap_inner()
  File "C:\Python314\Lib\threading.py", line 1082, in _bootstrap_inner
    self._context.run(self.run)
  File "C:\Python314\Lib\threading.py", line 1024, in run
    self._target(*self._args, **self._kwargs)
  File "C:\Users\miles\OneDrive\Documents\bot\app.py", line 3685, in 
_start_planegame_thread
    if not ensure_preset_plane_game_pool(10, preset_key):
  File "C:\Users\miles\OneDrive\Documents\bot\plane_game.py", line 778, in 
ensure_preset_plane_game_pool
    fetched = _build_preset_plane_rounds(preset_key, min_items)
  File "C:\Users\miles\OneDrive\Documents\bot\plane_game.py", line 673, in 
_build_preset_plane_rounds
    logger.info(f"[PresetPlanes/{preset_key}] Added '{clean_name}' \u2192 
{image_url[:60]}...")
Message: "[PresetPlanes/mixed] Added 'Eurofighter Typhoon' \u2192 
https://upload.wikimedia.org/wikipedia/commons/3/3c/RAF_Euro..."
Arguments: ()
2026-05-17 10:25:54,412 - plane_game - INFO - [PresetPlanes/mixed] Added 
'Eurofighter Typhoon' \u2192 
https://upload.wikimedia.org/wikipedia/commons/3/3c/RAF_Euro...
2026-05-17 10:25:54,414 - plane_game - INFO - [PresetPlanes/mixed] [10/40] 
Fetching U-2 (aircraft)...
2026-05-17 10:25:54,415 - urllib3.connectionpool - DEBUG - Starting new HTTPS 
connection (1): en.wikipedia.org:443
2026-05-17 10:25:55,069 - urllib3.connectionpool - DEBUG - 
https://en.wikipedia.org:443 "GET /api/rest_v1/page/summary/U-2_%28aircraft%29 
HTTP/1.1" 404 38
2026-05-17 10:25:55,072 - plane_game - INFO - [PresetPlanes/mixed] Image 
result: NONE
2026-05-17 10:25:55,072 - plane_game - INFO - [PresetPlanes/mixed] Skipping 
'U-2 (aircraft)' (no image or duplicate)
2026-05-17 10:25:55,072 - plane_game - INFO - [PresetPlanes/mixed] [11/40] 
Fetching C-130 Hercules...
2026-05-17 10:25:55,074 - urllib3.connectionpool - DEBUG - Starting new HTTPS 
connection (1): en.wikipedia.org:443
2026-05-17 10:25:55,547 - app - WARNING - Startup message attempt 3 failed, 
retrying in 3s...
2026-05-17 10:25:55,791 - urllib3.connectionpool - DEBUG - 
https://en.wikipedia.org:443 "GET /api/rest_v1/page/summary/C-130_Hercules 
HTTP/1.1" 200 951
2026-05-17 10:25:55,795 - plane_game - INFO - [PresetPlanes/mixed] Image 
result: https://upload.wikimedia.org/wikipedia/commons/c/c
--- Logging error ---
Traceback (most recent call last):
  File "C:\Python314\Lib\logging\__init__.py", line 1154, in emit
    stream.write(msg + self.terminator)
    ~~~~~~~~~~~~^^^^^^^^^^^^^^^^^^^^^^^
  File "C:\Python314\Lib\encodings\cp1252.py", line 19, in encode
    return codecs.charmap_encode(input,self.errors,encoding_table)[0]
           ~~~~~~~~~~~~~~~~~~~~~^^^^^^^^^^^^^^^^^^^^^^^^^^^^^^^^^^
UnicodeEncodeError: 'charmap' codec can't encode character '\u2192' in 
position 90: character maps to <undefined>
Call stack:
  File "C:\Python314\Lib\threading.py", line 1044, in _bootstrap
    self._bootstrap_inner()
  File "C:\Python314\Lib\threading.py", line 1082, in _bootstrap_inner
    self._context.run(self.run)
  File "C:\Python314\Lib\threading.py", line 1024, in run
    self._target(*self._args, **self._kwargs)
  File "C:\Users\miles\OneDrive\Documents\bot\app.py", line 3685, in 
_start_planegame_thread
    if not ensure_preset_plane_game_pool(10, preset_key):
  File "C:\Users\miles\OneDrive\Documents\bot\plane_game.py", line 778, in 
ensure_preset_plane_game_pool
    fetched = _build_preset_plane_rounds(preset_key, min_items)
  File "C:\Users\miles\OneDrive\Documents\bot\plane_game.py", line 673, in 
_build_preset_plane_rounds
    logger.info(f"[PresetPlanes/{preset_key}] Added '{clean_name}' \u2192 
{image_url[:60]}...")
Message: "[PresetPlanes/mixed] Added 'C-130 Hercules' \u2192 
https://upload.wikimedia.org/wikipedia/commons/c/cc/Lockheed..."
Arguments: ()
2026-05-17 10:25:55,795 - plane_game - INFO - [PresetPlanes/mixed] Added 
'C-130 Hercules' \u2192 
https://upload.wikimedia.org/wikipedia/commons/c/cc/Lockheed...
2026-05-17 10:25:55,796 - plane_game - INFO - [PresetPlanes/mixed] [12/40] 
Fetching MQ-9 Reaper...
2026-05-17 10:25:55,798 - urllib3.connectionpool - DEBUG - Starting new HTTPS 
connection (1): en.wikipedia.org:443
2026-05-17 10:25:56,675 - urllib3.connectionpool - DEBUG - 
https://en.wikipedia.org:443 "GET /api/rest_v1/page/summary/MQ-9_Reaper 
HTTP/1.1" 200 841
2026-05-17 10:25:56,679 - plane_game - INFO - [PresetPlanes/mixed] Image 
result: https://upload.wikimedia.org/wikipedia/commons/1/1
--- Logging error ---
Traceback (most recent call last):
  File "C:\Python314\Lib\logging\__init__.py", line 1154, in emit
    stream.write(msg + self.terminator)
    ~~~~~~~~~~~~^^^^^^^^^^^^^^^^^^^^^^^
  File "C:\Python314\Lib\encodings\cp1252.py", line 19, in encode
    return codecs.charmap_encode(input,self.errors,encoding_table)[0]
           ~~~~~~~~~~~~~~~~~~~~~^^^^^^^^^^^^^^^^^^^^^^^^^^^^^^^^^^
UnicodeEncodeError: 'charmap' codec can't encode character '\u2192' in 
position 87: character maps to <undefined>
Call stack:
  File "C:\Python314\Lib\threading.py", line 1044, in _bootstrap
    self._bootstrap_inner()
  File "C:\Python314\Lib\threading.py", line 1082, in _bootstrap_inner
    self._context.run(self.run)
  File "C:\Python314\Lib\threading.py", line 1024, in run
    self._target(*self._args, **self._kwargs)
  File "C:\Users\miles\OneDrive\Documents\bot\app.py", line 3685, in 
_start_planegame_thread
    if not ensure_preset_plane_game_pool(10, preset_key):
  File "C:\Users\miles\OneDrive\Documents\bot\plane_game.py", line 778, in 
ensure_preset_plane_game_pool
    fetched = _build_preset_plane_rounds(preset_key, min_items)
  File "C:\Users\miles\OneDrive\Documents\bot\plane_game.py", line 673, in 
_build_preset_plane_rounds
    logger.info(f"[PresetPlanes/{preset_key}] Added '{clean_name}' \u2192 
{image_url[:60]}...")
Message: "[PresetPlanes/mixed] Added 'MQ-9 Reaper' \u2192 
https://upload.wikimedia.org/wikipedia/commons/1/12/MQ-9_Rea..."
Arguments: ()
2026-05-17 10:25:56,679 - plane_game - INFO - [PresetPlanes/mixed] Added 'MQ-9 
Reaper' \u2192 https://upload.wikimedia.org/wikipedia/commons/1/12/MQ-9_Rea...
2026-05-17 10:25:56,681 - plane_game - INFO - [PresetPlanes/mixed] [13/40] 
Fetching AC-130 gunship...
2026-05-17 10:25:56,683 - urllib3.connectionpool - DEBUG - Starting new HTTPS 
connection (1): en.wikipedia.org:443
2026-05-17 10:25:57,575 - urllib3.connectionpool - DEBUG - 
https://en.wikipedia.org:443 "GET /api/rest_v1/page/summary/AC-130_gunship 
HTTP/1.1" 200 838
2026-05-17 10:25:57,579 - plane_game - INFO - [PresetPlanes/mixed] Image 
result: https://upload.wikimedia.org/wikipedia/commons/f/f
--- Logging error ---
Traceback (most recent call last):
  File "C:\Python314\Lib\logging\__init__.py", line 1154, in emit
    stream.write(msg + self.terminator)
    ~~~~~~~~~~~~^^^^^^^^^^^^^^^^^^^^^^^
  File "C:\Python314\Lib\encodings\cp1252.py", line 19, in encode
    return codecs.charmap_encode(input,self.errors,encoding_table)[0]
           ~~~~~~~~~~~~~~~~~~~~~^^^^^^^^^^^^^^^^^^^^^^^^^^^^^^^^^^
UnicodeEncodeError: 'charmap' codec can't encode character '\u2192' in 
position 90: character maps to <undefined>
Call stack:
  File "C:\Python314\Lib\threading.py", line 1044, in _bootstrap
    self._bootstrap_inner()
  File "C:\Python314\Lib\threading.py", line 1082, in _bootstrap_inner
    self._context.run(self.run)
  File "C:\Python314\Lib\threading.py", line 1024, in run
    self._target(*self._args, **self._kwargs)
  File "C:\Users\miles\OneDrive\Documents\bot\app.py", line 3685, in 
_start_planegame_thread
    if not ensure_preset_plane_game_pool(10, preset_key):
  File "C:\Users\miles\OneDrive\Documents\bot\plane_game.py", line 778, in 
ensure_preset_plane_game_pool
    fetched = _build_preset_plane_rounds(preset_key, min_items)
  File "C:\Users\miles\OneDrive\Documents\bot\plane_game.py", line 673, in 
_build_preset_plane_rounds
    logger.info(f"[PresetPlanes/{preset_key}] Added '{clean_name}' \u2192 
{image_url[:60]}...")
Message: "[PresetPlanes/mixed] Added 'AC-130 gunship' \u2192 
https://upload.wikimedia.org/wikipedia/commons/f/fa/AC-130_%..."
Arguments: ()
2026-05-17 10:25:57,579 - plane_game - INFO - [PresetPlanes/mixed] Added 
'AC-130 gunship' \u2192 
https://upload.wikimedia.org/wikipedia/commons/f/fa/AC-130_%...
2026-05-17 10:25:57,582 - plane_game - INFO - [PresetPlanes/mixed] [14/40] 
Fetching Cessna 172...
2026-05-17 10:25:57,584 - urllib3.connectionpool - DEBUG - Starting new HTTPS 
connection (1): en.wikipedia.org:443
2026-05-17 10:25:58,514 - urllib3.connectionpool - DEBUG - 
https://en.wikipedia.org:443 "GET /api/rest_v1/page/summary/Cessna_172 
HTTP/1.1" 200 1029
2026-05-17 10:25:58,517 - plane_game - INFO - [PresetPlanes/mixed] Image 
result: https://upload.wikimedia.org/wikipedia/commons/a/a
--- Logging error ---
Traceback (most recent call last):
  File "C:\Python314\Lib\logging\__init__.py", line 1154, in emit
    stream.write(msg + self.terminator)
    ~~~~~~~~~~~~^^^^^^^^^^^^^^^^^^^^^^^
  File "C:\Python314\Lib\encodings\cp1252.py", line 19, in encode
    return codecs.charmap_encode(input,self.errors,encoding_table)[0]
           ~~~~~~~~~~~~~~~~~~~~~^^^^^^^^^^^^^^^^^^^^^^^^^^^^^^^^^^
UnicodeEncodeError: 'charmap' codec can't encode character '\u2192' in 
position 86: character maps to <undefined>
Call stack:
  File "C:\Python314\Lib\threading.py", line 1044, in _bootstrap
    self._bootstrap_inner()
  File "C:\Python314\Lib\threading.py", line 1082, in _bootstrap_inner
    self._context.run(self.run)
  File "C:\Python314\Lib\threading.py", line 1024, in run
    self._target(*self._args, **self._kwargs)
  File "C:\Users\miles\OneDrive\Documents\bot\app.py", line 3685, in 
_start_planegame_thread
    if not ensure_preset_plane_game_pool(10, preset_key):
  File "C:\Users\miles\OneDrive\Documents\bot\plane_game.py", line 778, in 
ensure_preset_plane_game_pool
    fetched = _build_preset_plane_rounds(preset_key, min_items)
  File "C:\Users\miles\OneDrive\Documents\bot\plane_game.py", line 673, in 
_build_preset_plane_rounds
    logger.info(f"[PresetPlanes/{preset_key}] Added '{clean_name}' \u2192 
{image_url[:60]}...")
Message: "[PresetPlanes/mixed] Added 'Cessna 172' \u2192 
https://upload.wikimedia.org/wikipedia/commons/a/ae/Cessna_1..."
Arguments: ()
2026-05-17 10:25:58,517 - plane_game - INFO - [PresetPlanes/mixed] Added 
'Cessna 172' \u2192 
https://upload.wikimedia.org/wikipedia/commons/a/ae/Cessna_1...
2026-05-17 10:25:58,519 - plane_game - INFO - [PresetPlanes/mixed] [15/40] 
Fetching F-35 Lightning II...
2026-05-17 10:25:58,520 - urllib3.connectionpool - DEBUG - Starting new HTTPS 
connection (1): en.wikipedia.org:443
2026-05-17 10:25:58,548 - app - WARNING - Startup message attempt 4 failed, 
retrying in 3s...
2026-05-17 10:25:59,201 - urllib3.connectionpool - DEBUG - 
https://en.wikipedia.org:443 "GET /api/rest_v1/page/summary/F-35_Lightning_II 
HTTP/1.1" 200 992
2026-05-17 10:25:59,205 - plane_game - INFO - [PresetPlanes/mixed] Image 
result: https://upload.wikimedia.org/wikipedia/commons/6/6
--- Logging error ---
Traceback (most recent call last):
  File "C:\Python314\Lib\logging\__init__.py", line 1154, in emit
    stream.write(msg + self.terminator)
    ~~~~~~~~~~~~^^^^^^^^^^^^^^^^^^^^^^^
  File "C:\Python314\Lib\encodings\cp1252.py", line 19, in encode
    return codecs.charmap_encode(input,self.errors,encoding_table)[0]
           ~~~~~~~~~~~~~~~~~~~~~^^^^^^^^^^^^^^^^^^^^^^^^^^^^^^^^^^
UnicodeEncodeError: 'charmap' codec can't encode character '\u2192' in 
position 93: character maps to <undefined>
Call stack:
  File "C:\Python314\Lib\threading.py", line 1044, in _bootstrap
    self._bootstrap_inner()
  File "C:\Python314\Lib\threading.py", line 1082, in _bootstrap_inner
    self._context.run(self.run)
  File "C:\Python314\Lib\threading.py", line 1024, in run
    self._target(*self._args, **self._kwargs)
  File "C:\Users\miles\OneDrive\Documents\bot\app.py", line 3685, in 
_start_planegame_thread
    if not ensure_preset_plane_game_pool(10, preset_key):
  File "C:\Users\miles\OneDrive\Documents\bot\plane_game.py", line 778, in 
ensure_preset_plane_game_pool
    fetched = _build_preset_plane_rounds(preset_key, min_items)
  File "C:\Users\miles\OneDrive\Documents\bot\plane_game.py", line 673, in 
_build_preset_plane_rounds
    logger.info(f"[PresetPlanes/{preset_key}] Added '{clean_name}' \u2192 
{image_url[:60]}...")
Message: "[PresetPlanes/mixed] Added 'F-35 Lightning II' \u2192 
https://upload.wikimedia.org/wikipedia/commons/6/61/F-35A_fl..."
Arguments: ()
2026-05-17 10:25:59,205 - plane_game - INFO - [PresetPlanes/mixed] Added 'F-35 
Lightning II' \u2192 
https://upload.wikimedia.org/wikipedia/commons/6/61/F-35A_fl...
2026-05-17 10:25:59,207 - plane_game - INFO - [PresetPlanes/mixed] [16/40] 
Fetching Boeing 737...
2026-05-17 10:25:59,209 - urllib3.connectionpool - DEBUG - Starting new HTTPS 
connection (1): en.wikipedia.org:443
2026-05-17 10:25:59,891 - urllib3.connectionpool - DEBUG - 
https://en.wikipedia.org:443 "GET /api/rest_v1/page/summary/Boeing_737 
HTTP/1.1" 200 988
2026-05-17 10:25:59,894 - plane_game - INFO - [PresetPlanes/mixed] Image 
result: https://upload.wikimedia.org/wikipedia/commons/e/e
--- Logging error ---
Traceback (most recent call last):
  File "C:\Python314\Lib\logging\__init__.py", line 1154, in emit
    stream.write(msg + self.terminator)
    ~~~~~~~~~~~~^^^^^^^^^^^^^^^^^^^^^^^
  File "C:\Python314\Lib\encodings\cp1252.py", line 19, in encode
    return codecs.charmap_encode(input,self.errors,encoding_table)[0]
           ~~~~~~~~~~~~~~~~~~~~~^^^^^^^^^^^^^^^^^^^^^^^^^^^^^^^^^^
UnicodeEncodeError: 'charmap' codec can't encode character '\u2192' in 
position 86: character maps to <undefined>
Call stack:
  File "C:\Python314\Lib\threading.py", line 1044, in _bootstrap
    self._bootstrap_inner()
  File "C:\Python314\Lib\threading.py", line 1082, in _bootstrap_inner
    self._context.run(self.run)
  File "C:\Python314\Lib\threading.py", line 1024, in run
    self._target(*self._args, **self._kwargs)
  File "C:\Users\miles\OneDrive\Documents\bot\app.py", line 3685, in 
_start_planegame_thread
    if not ensure_preset_plane_game_pool(10, preset_key):
  File "C:\Users\miles\OneDrive\Documents\bot\plane_game.py", line 778, in 
ensure_preset_plane_game_pool
    fetched = _build_preset_plane_rounds(preset_key, min_items)
  File "C:\Users\miles\OneDrive\Documents\bot\plane_game.py", line 673, in 
_build_preset_plane_rounds
    logger.info(f"[PresetPlanes/{preset_key}] Added '{clean_name}' \u2192 
{image_url[:60]}...")
Message: "[PresetPlanes/mixed] Added 'Boeing 737' \u2192 
https://upload.wikimedia.org/wikipedia/commons/e/e9/South_Af..."
Arguments: ()
2026-05-17 10:25:59,894 - plane_game - INFO - [PresetPlanes/mixed] Added 
'Boeing 737' \u2192 
https://upload.wikimedia.org/wikipedia/commons/e/e9/South_Af...
2026-05-17 10:25:59,896 - plane_game - INFO - [PresetPlanes/mixed] [17/40] 
Fetching UH-60 Black Hawk...
2026-05-17 10:25:59,897 - urllib3.connectionpool - DEBUG - Starting new HTTPS 
connection (1): en.wikipedia.org:443
2026-05-17 10:26:00,594 - urllib3.connectionpool - DEBUG - 
https://en.wikipedia.org:443 "GET /api/rest_v1/page/summary/UH-60_Black_Hawk 
HTTP/1.1" 200 871
2026-05-17 10:26:00,598 - plane_game - INFO - [PresetPlanes/mixed] Image 
result: https://upload.wikimedia.org/wikipedia/commons/2/2
--- Logging error ---
Traceback (most recent call last):
  File "C:\Python314\Lib\logging\__init__.py", line 1154, in emit
    stream.write(msg + self.terminator)
    ~~~~~~~~~~~~^^^^^^^^^^^^^^^^^^^^^^^
  File "C:\Python314\Lib\encodings\cp1252.py", line 19, in encode
    return codecs.charmap_encode(input,self.errors,encoding_table)[0]
           ~~~~~~~~~~~~~~~~~~~~~^^^^^^^^^^^^^^^^^^^^^^^^^^^^^^^^^^
UnicodeEncodeError: 'charmap' codec can't encode character '\u2192' in 
position 92: character maps to <undefined>
Call stack:
  File "C:\Python314\Lib\threading.py", line 1044, in _bootstrap
    self._bootstrap_inner()
  File "C:\Python314\Lib\threading.py", line 1082, in _bootstrap_inner
    self._context.run(self.run)
  File "C:\Python314\Lib\threading.py", line 1024, in run
    self._target(*self._args, **self._kwargs)
  File "C:\Users\miles\OneDrive\Documents\bot\app.py", line 3685, in 
_start_planegame_thread
    if not ensure_preset_plane_game_pool(10, preset_key):
  File "C:\Users\miles\OneDrive\Documents\bot\plane_game.py", line 778, in 
ensure_preset_plane_game_pool
    fetched = _build_preset_plane_rounds(preset_key, min_items)
  File "C:\Users\miles\OneDrive\Documents\bot\plane_game.py", line 673, in 
_build_preset_plane_rounds
    logger.info(f"[PresetPlanes/{preset_key}] Added '{clean_name}' \u2192 
{image_url[:60]}...")
Message: "[PresetPlanes/mixed] Added 'UH-60 Black Hawk' \u2192 
https://upload.wikimedia.org/wikipedia/commons/2/2e/National..."
Arguments: ()
2026-05-17 10:26:00,598 - plane_game - INFO - [PresetPlanes/mixed] Added 
'UH-60 Black Hawk' \u2192 
https://upload.wikimedia.org/wikipedia/commons/2/2e/National...
2026-05-17 10:26:00,601 - plane_game - INFO - [PresetPlanes/mixed] [18/40] 
Fetching Airbus A380...
2026-05-17 10:26:00,603 - urllib3.connectionpool - DEBUG - Starting new HTTPS 
connection (1): en.wikipedia.org:443
2026-05-17 10:26:01,404 - urllib3.connectionpool - DEBUG - 
https://en.wikipedia.org:443 "GET /api/rest_v1/page/summary/Airbus_A380 
HTTP/1.1" 200 723
2026-05-17 10:26:01,409 - plane_game - INFO - [PresetPlanes/mixed] Image 
result: https://upload.wikimedia.org/wikipedia/commons/0/0
--- Logging error ---
Traceback (most recent call last):
  File "C:\Python314\Lib\logging\__init__.py", line 1154, in emit
    stream.write(msg + self.terminator)
    ~~~~~~~~~~~~^^^^^^^^^^^^^^^^^^^^^^^
  File "C:\Python314\Lib\encodings\cp1252.py", line 19, in encode
    return codecs.charmap_encode(input,self.errors,encoding_table)[0]
           ~~~~~~~~~~~~~~~~~~~~~^^^^^^^^^^^^^^^^^^^^^^^^^^^^^^^^^^
UnicodeEncodeError: 'charmap' codec can't encode character '\u2192' in 
position 87: character maps to <undefined>
Call stack:
  File "C:\Python314\Lib\threading.py", line 1044, in _bootstrap
    self._bootstrap_inner()
  File "C:\Python314\Lib\threading.py", line 1082, in _bootstrap_inner
    self._context.run(self.run)
  File "C:\Python314\Lib\threading.py", line 1024, in run
    self._target(*self._args, **self._kwargs)
  File "C:\Users\miles\OneDrive\Documents\bot\app.py", line 3685, in 
_start_planegame_thread
    if not ensure_preset_plane_game_pool(10, preset_key):
  File "C:\Users\miles\OneDrive\Documents\bot\plane_game.py", line 778, in 
ensure_preset_plane_game_pool
    fetched = _build_preset_plane_rounds(preset_key, min_items)
  File "C:\Users\miles\OneDrive\Documents\bot\plane_game.py", line 673, in 
_build_preset_plane_rounds
    logger.info(f"[PresetPlanes/{preset_key}] Added '{clean_name}' \u2192 
{image_url[:60]}...")
Message: "[PresetPlanes/mixed] Added 'Airbus A380' \u2192 
https://upload.wikimedia.org/wikipedia/commons/0/09/A6-EDY_A..."
Arguments: ()
2026-05-17 10:26:01,410 - plane_game - INFO - [PresetPlanes/mixed] Added 
'Airbus A380' \u2192 
https://upload.wikimedia.org/wikipedia/commons/0/09/A6-EDY_A...
2026-05-17 10:26:01,412 - plane_game - INFO - [PresetPlanes/mixed] [19/40] 
Fetching B-1 Lancer...
2026-05-17 10:26:01,415 - urllib3.connectionpool - DEBUG - Starting new HTTPS 
connection (1): en.wikipedia.org:443
2026-05-17 10:26:01,549 - app - WARNING - Startup message attempt 5 failed, 
retrying in 3s...
2026-05-17 10:26:02,306 - urllib3.connectionpool - DEBUG - 
https://en.wikipedia.org:443 "GET /api/rest_v1/page/summary/B-1_Lancer 
HTTP/1.1" 200 793
2026-05-17 10:26:02,310 - plane_game - INFO - [PresetPlanes/mixed] Image 
result: https://upload.wikimedia.org/wikipedia/commons/7/7
--- Logging error ---
Traceback (most recent call last):
  File "C:\Python314\Lib\logging\__init__.py", line 1154, in emit
    stream.write(msg + self.terminator)
    ~~~~~~~~~~~~^^^^^^^^^^^^^^^^^^^^^^^
  File "C:\Python314\Lib\encodings\cp1252.py", line 19, in encode
    return codecs.charmap_encode(input,self.errors,encoding_table)[0]
           ~~~~~~~~~~~~~~~~~~~~~^^^^^^^^^^^^^^^^^^^^^^^^^^^^^^^^^^
UnicodeEncodeError: 'charmap' codec can't encode character '\u2192' in 
position 86: character maps to <undefined>
Call stack:
  File "C:\Python314\Lib\threading.py", line 1044, in _bootstrap
    self._bootstrap_inner()
  File "C:\Python314\Lib\threading.py", line 1082, in _bootstrap_inner
    self._context.run(self.run)
  File "C:\Python314\Lib\threading.py", line 1024, in run
    self._target(*self._args, **self._kwargs)
  File "C:\Users\miles\OneDrive\Documents\bot\app.py", line 3685, in 
_start_planegame_thread
    if not ensure_preset_plane_game_pool(10, preset_key):
  File "C:\Users\miles\OneDrive\Documents\bot\plane_game.py", line 778, in 
ensure_preset_plane_game_pool
    fetched = _build_preset_plane_rounds(preset_key, min_items)
  File "C:\Users\miles\OneDrive\Documents\bot\plane_game.py", line 673, in 
_build_preset_plane_rounds
    logger.info(f"[PresetPlanes/{preset_key}] Added '{clean_name}' \u2192 
{image_url[:60]}...")
Message: "[PresetPlanes/mixed] Added 'B-1 Lancer' \u2192 
https://upload.wikimedia.org/wikipedia/commons/7/7d/B-1B_air..."
Arguments: ()
2026-05-17 10:26:02,310 - plane_game - INFO - [PresetPlanes/mixed] Added 'B-1 
Lancer' \u2192 https://upload.wikimedia.org/wikipedia/commons/7/7d/B-1B_air...
2026-05-17 10:26:02,313 - plane_game - INFO - [PresetPlanes/mixed] [20/40] 
Fetching AH-64 Apache...
2026-05-17 10:26:02,315 - urllib3.connectionpool - DEBUG - Starting new HTTPS 
connection (1): en.wikipedia.org:443
2026-05-17 10:26:03,292 - urllib3.connectionpool - DEBUG - 
https://en.wikipedia.org:443 "GET /api/rest_v1/page/summary/AH-64_Apache 
HTTP/1.1" 200 902
2026-05-17 10:26:03,296 - plane_game - INFO - [PresetPlanes/mixed] Image 
result: https://upload.wikimedia.org/wikipedia/commons/6/6
--- Logging error ---
Traceback (most recent call last):
  File "C:\Python314\Lib\logging\__init__.py", line 1154, in emit
    stream.write(msg + self.terminator)
    ~~~~~~~~~~~~^^^^^^^^^^^^^^^^^^^^^^^
  File "C:\Python314\Lib\encodings\cp1252.py", line 19, in encode
    return codecs.charmap_encode(input,self.errors,encoding_table)[0]
           ~~~~~~~~~~~~~~~~~~~~~^^^^^^^^^^^^^^^^^^^^^^^^^^^^^^^^^^
UnicodeEncodeError: 'charmap' codec can't encode character '\u2192' in 
position 88: character maps to <undefined>
Call stack:
  File "C:\Python314\Lib\threading.py", line 1044, in _bootstrap
    self._bootstrap_inner()
  File "C:\Python314\Lib\threading.py", line 1082, in _bootstrap_inner
    self._context.run(self.run)
  File "C:\Python314\Lib\threading.py", line 1024, in run
    self._target(*self._args, **self._kwargs)
  File "C:\Users\miles\OneDrive\Documents\bot\app.py", line 3685, in 
_start_planegame_thread
    if not ensure_preset_plane_game_pool(10, preset_key):
  File "C:\Users\miles\OneDrive\Documents\bot\plane_game.py", line 778, in 
ensure_preset_plane_game_pool
    fetched = _build_preset_plane_rounds(preset_key, min_items)
  File "C:\Users\miles\OneDrive\Documents\bot\plane_game.py", line 673, in 
_build_preset_plane_rounds
    logger.info(f"[PresetPlanes/{preset_key}] Added '{clean_name}' \u2192 
{image_url[:60]}...")
Message: "[PresetPlanes/mixed] Added 'AH-64 Apache' \u2192 
https://upload.wikimedia.org/wikipedia/commons/6/66/AH-64D_A..."
Arguments: ()
2026-05-17 10:26:03,297 - plane_game - INFO - [PresetPlanes/mixed] Added 
'AH-64 Apache' \u2192 
https://upload.wikimedia.org/wikipedia/commons/6/66/AH-64D_A...
2026-05-17 10:26:03,299 - plane_game - INFO - [PresetPlanes/mixed] [21/40] 
Fetching F-4 Phantom II...
2026-05-17 10:26:03,301 - urllib3.connectionpool - DEBUG - Starting new HTTPS 
connection (1): en.wikipedia.org:443
2026-05-17 10:26:04,186 - urllib3.connectionpool - DEBUG - 
https://en.wikipedia.org:443 "GET /api/rest_v1/page/summary/F-4_Phantom_II 
HTTP/1.1" 200 926
2026-05-17 10:26:04,190 - plane_game - INFO - [PresetPlanes/mixed] Image 
result: https://upload.wikimedia.org/wikipedia/commons/2/2
--- Logging error ---
Traceback (most recent call last):
  File "C:\Python314\Lib\logging\__init__.py", line 1154, in emit
    stream.write(msg + self.terminator)
    ~~~~~~~~~~~~^^^^^^^^^^^^^^^^^^^^^^^
  File "C:\Python314\Lib\encodings\cp1252.py", line 19, in encode
    return codecs.charmap_encode(input,self.errors,encoding_table)[0]
           ~~~~~~~~~~~~~~~~~~~~~^^^^^^^^^^^^^^^^^^^^^^^^^^^^^^^^^^
UnicodeEncodeError: 'charmap' codec can't encode character '\u2192' in 
position 90: character maps to <undefined>
Call stack:
  File "C:\Python314\Lib\threading.py", line 1044, in _bootstrap
    self._bootstrap_inner()
  File "C:\Python314\Lib\threading.py", line 1082, in _bootstrap_inner
    self._context.run(self.run)
  File "C:\Python314\Lib\threading.py", line 1024, in run
    self._target(*self._args, **self._kwargs)
  File "C:\Users\miles\OneDrive\Documents\bot\app.py", line 3685, in 
_start_planegame_thread
    if not ensure_preset_plane_game_pool(10, preset_key):
  File "C:\Users\miles\OneDrive\Documents\bot\plane_game.py", line 778, in 
ensure_preset_plane_game_pool
    fetched = _build_preset_plane_rounds(preset_key, min_items)
  File "C:\Users\miles\OneDrive\Documents\bot\plane_game.py", line 673, in 
_build_preset_plane_rounds
    logger.info(f"[PresetPlanes/{preset_key}] Added '{clean_name}' \u2192 
{image_url[:60]}...")
Message: "[PresetPlanes/mixed] Added 'F-4 Phantom II' \u2192 
https://upload.wikimedia.org/wikipedia/commons/2/2b/QF-4_Hol..."
Arguments: ()
2026-05-17 10:26:04,190 - plane_game - INFO - [PresetPlanes/mixed] Added 'F-4 
Phantom II' \u2192 
https://upload.wikimedia.org/wikipedia/commons/2/2b/QF-4_Hol...
2026-05-17 10:26:04,193 - plane_game - INFO - [PresetPlanes/mixed] Reached 
desired pool size (20 rounds)
2026-05-17 10:26:04,193 - plane_game - INFO - [PresetPlanes/mixed] Built 20 
rounds from preset list.
2026-05-17 10:26:04,193 - app - INFO - [PLANEGAME] Pool ready, picking round...
2026-05-17 10:26:04,193 - app - INFO - [PLANEGAME] Got round: True
2026-05-17 10:26:04,193 - app - INFO - [PLANEGAME] About to send image 
message. Image URL: 
https://upload.wikimedia.org/wikipedia/commons/e/e9/South_Af...
2026-05-17 10:26:04,193 - app - INFO - [PLANEGAME] Image message sent 
successfully!
2026-05-17 10:26:04,549 - app - ERROR - Startup message failed after 5 
attempts.
2026-05-17 10:26:32,568 - __main__ - INFO - 
=== RESPONSES ===
2026-05-17 10:26:32,568 - __main__ - INFO - Number of message_responses: 2
2026-05-17 10:26:32,568 - __main__ - INFO - 
Response 0:
2026-05-17 10:26:32,568 - __main__ - INFO -   Type: <class 'dict'>
2026-05-17 10:26:32,568 - __main__ - INFO -   Keys: dict_keys(['text'])
--- Logging error ---
Traceback (most recent call last):
  File "C:\Python314\Lib\logging\__init__.py", line 1154, in emit
    stream.write(msg + self.terminator)
    ~~~~~~~~~~~~^^^^^^^^^^^^^^^^^^^^^^^
  File "C:\Python314\Lib\encodings\cp1252.py", line 19, in encode
    return codecs.charmap_encode(input,self.errors,encoding_table)[0]
           ~~~~~~~~~~~~~~~~~~~~~^^^^^^^^^^^^^^^^^^^^^^^^^^^^^^^^^^
UnicodeEncodeError: 'charmap' codec can't encode character '\u23f3' in 
position 53: character maps to <undefined>
Call stack:
  File "C:\Users\miles\OneDrive\Documents\interactive-tester\test_capture.py", 
line 78, in <module>
    test_plane_game()
  File "C:\Users\miles\OneDrive\Documents\interactive-tester\test_capture.py", 
line 59, in test_plane_game
    logger.info(f"  Text: {text_preview}...")
Message: '  Text: "\u23f3 Loading \'Popular Mix \u2708\ufe0f\' plane 
game..."...'
Arguments: ()
2026-05-17 10:26:32,569 - __main__ - INFO -   Text: "\u23f3 Loading 'Popular 
Mix \u2708\ufe0f' plane game..."...
2026-05-17 10:26:32,570 - __main__ - INFO -   No attachments
2026-05-17 10:26:32,570 - __main__ - INFO - 
Response 1:
2026-05-17 10:26:32,570 - __main__ - INFO -   Type: <class 'dict'>
2026-05-17 10:26:32,570 - __main__ - INFO -   Keys: dict_keys(['text', 
'attachments'])
--- Logging error ---
Traceback (most recent call last):
  File "C:\Python314\Lib\logging\__init__.py", line 1154, in emit
    stream.write(msg + self.terminator)
    ~~~~~~~~~~~~^^^^^^^^^^^^^^^^^^^^^^^
  File "C:\Python314\Lib\encodings\cp1252.py", line 19, in encode
    return codecs.charmap_encode(input,self.errors,encoding_table)[0]
           ~~~~~~~~~~~~~~~~~~~~~^^^^^^^^^^^^^^^^^^^^^^^^^^^^^^^^^^
UnicodeEncodeError: 'charmap' codec can't encode characters in position 53-54: 
character maps to <undefined>
Call stack:
  File "C:\Users\miles\OneDrive\Documents\interactive-tester\test_capture.py", 
line 78, in <module>
    test_plane_game()
  File "C:\Users\miles\OneDrive\Documents\interactive-tester\test_capture.py", 
line 59, in test_plane_game
    logger.info(f"  Text: {text_preview}...")
Message: "  Text: '\u2708\ufe0f Plane game started! Popular Mix \u2708\ufe0f 
(10 rounds)\\nRound 1/10: First to name the aircraft wins the ro'..."
Arguments: ()
2026-05-17 10:26:32,570 - __main__ - INFO -   Text: '\u2708\ufe0f Plane game 
started! Popular Mix \u2708\ufe0f (10 rounds)\nRound 1/10: First to name the 
aircraft wins the ro'...
2026-05-17 10:26:32,571 - __main__ - INFO -   Attachments: 1 items
2026-05-17 10:26:32,571 - __main__ - INFO -     [0] type=image, url_len=183, 
is_local=False
2026-05-17 10:26:32,571 - __main__ - INFO -         url=https://upload.wikimedi
a.org/wikipedia/commons/e/e9/South_African_Airlink_Boeing...
2026-05-17 10:26:32,572 - __main__ - INFO - 
=== TEST COMPLETE ===
[INFO] Loading bot from C:\Users\miles\OneDrive\Documents\bot
[PATCH DEBUG] Patched send_message in app
[PATCH DEBUG] Patched send_message_with_image in app
[INFO] Patched plane_game send functions
[INFO] Patched gun_game send functions
[INFO] Bot loaded successfully
[INFO] Webhook route: /webhook
[CAPTURE DEBUG] Image message captured: url_len=183, is_local=False
[CAPTURE DEBUG] Total responses: 2

Log saved to: C:\Users\miles\OneDrive\Documents\interactive-tester\gui_test.log
